// Jest Snapshot v1, https://goo.gl/fbAQLP

exports[`PlayerModal matches snapshot 1`] = `
<Modal
  animationType="slide"
  presentationStyle="fullScreen"
  visible={true}
>
  <View
    style={
      {
        "backgroundColor": "#0b1121",
        "flex": 1,
      }
    }
  >
    <View
      accessibilityIgnoresInvertColors={true}
      style={
        {
          "flex": 1,
        }
      }
    >
      <Image
        resizeMode="cover"
        source={
          {
            "uri": "https://example.com/image.jpg",
          }
        }
        style={
          [
            {
              "bottom": 0,
              "left": 0,
              "position": "absolute",
              "right": 0,
              "top": 0,
            },
            {
              "height": undefined,
              "width": undefined,
            },
            undefined,
          ]
        }
      />
      <View
        style={
          {
            "backgroundColor": "rgba(11,17,33,0.6)",
            "bottom": 0,
            "left": 0,
            "position": "absolute",
            "right": 0,
            "top": 0,
          }
        }
      />
      <View
        style={
          {
            "flex": 1,
            "paddingTop": 16,
          }
        }
      >
        <View
          style={
            {
              "alignItems": "center",
              "flexDirection": "row",
              "justifyContent": "space-between",
              "marginBottom": 40,
              "paddingHorizontal": 24,
            }
          }
        >
          <View
            accessibilityState={
              {
                "busy": undefined,
                "checked": undefined,
                "disabled": undefined,
                "expanded": undefined,
                "selected": undefined,
              }
            }
            accessibilityValue={
              {
                "max": undefined,
                "min": undefined,
                "now": undefined,
                "text": undefined,
              }
            }
            accessible={true}
            collapsable={false}
            focusable={true}
            onBlur={[Function]}
            onClick={[Function]}
            onFocus={[Function]}
            onResponderGrant={[Function]}
            onResponderMove={[Function]}
            onResponderRelease={[Function]}
            onResponderTerminate={[Function]}
            onResponderTerminationRequest={[Function]}
            onStartShouldSetResponder={[Function]}
            style={
              {
                "alignItems": "center",
                "backgroundColor": "rgba(25, 34, 51, 0.6)",
                "borderColor": "rgba(255, 255, 255, 0.05)",
                "borderRadius": 20,
                "borderWidth": 1,
                "height": 40,
                "justifyContent": "center",
                "width": 40,
              }
            }
            testID="close-player-button"
          >
            <RNSVGSvgView
              align="xMidYMid"
              bbHeight={20}
              bbWidth={20}
              className="caret-down-undefined__svg-icon-phosphor"
              color="rgba(255,255,255,0.7)"
              fill="currentColor"
              focusable={false}
              height={20}
              meetOrSlice={0}
              minX={0}
              minY={0}
              style={
                [
                  {
                    "backgroundColor": "transparent",
                    "borderWidth": 0,
                  },
                  [
                    undefined,
                    undefined,
                    {},
                  ],
                  {
                    "flex": 0,
                    "height": 20,
                    "width": 20,
                  },
                ]
              }
              testID="phosphor-react-native-caret-down-undefined"
              vbHeight={256}
              vbWidth={256}
              width={20}
            >
              <RNSVGGroup
                fill={
                  {
                    "type": 2,
                  }
                }
                propList={
                  [
                    "fill",
                  ]
                }
              >
                <RNSVGPath
                  d="m213.66 101.66-80 80a8 8 0 0 1-11.32 0l-80-80a8 8 0 0 1 11.32-11.32L128 164.69l74.34-74.35a8 8 0 0 1 11.32 11.32"
                  fill={
                    {
                      "payload": 4278190080,
                      "type": 0,
                    }
                  }
                />
              </RNSVGGroup>
            </RNSVGSvgView>
          </View>
          <View
            style={
              {
                "alignItems": "center",
                "backgroundColor": "rgba(25, 34, 51, 0.6)",
                "borderColor": "rgba(255, 255, 255, 0.05)",
                "borderRadius": 20,
                "borderWidth": 1,
                "flexDirection": "row",
                "gap": 8,
                "paddingHorizontal": 16,
                "paddingVertical": 6,
              }
            }
          >
            <View
              style={
                {
                  "backgroundColor": "#ef4444",
                  "borderRadius": 4,
                  "height": 8,
                  "width": 8,
                }
              }
            />
            <Text
              style={
                {
                  "color": "rgba(255,255,255,0.9)",
                  "fontSize": 12,
                  "fontWeight": "600",
                  "letterSpacing": 1,
                  "textTransform": "uppercase",
                }
              }
            >
              Live Session
            </Text>
          </View>
        </View>
        <View
          style={
            {
              "alignItems": "center",
              "flex": 1,
              "justifyContent": "center",
            }
          }
        >
          <View
            collapsable={false}
            style={
              {
                "transform": [
                  {
                    "scale": 1,
                  },
                ],
              }
            }
          >
            <View
              style={
                {
                  "alignItems": "center",
                  "backgroundColor": "#135bec",
                  "borderRadius": 64,
                  "height": 128,
                  "justifyContent": "center",
                  "shadowColor": "#135bec",
                  "shadowOffset": {
                    "height": 0,
                    "width": 0,
                  },
                  "shadowOpacity": 0.6,
                  "shadowRadius": 60,
                  "width": 128,
                }
              }
            >
              <RNSVGSvgView
                align="xMidYMid"
                bbHeight={48}
                bbWidth={48}
                className="cloud-lightning-fill__svg-icon-phosphor"
                color="white"
                fill="currentColor"
                focusable={false}
                height={48}
                meetOrSlice={0}
                minX={0}
                minY={0}
                style={
                  [
                    {
                      "backgroundColor": "transparent",
                      "borderWidth": 0,
                    },
                    [
                      undefined,
                      undefined,
                      {},
                    ],
                    {
                      "flex": 0,
                      "height": 48,
                      "width": 48,
                    },
                  ]
                }
                testID="phosphor-react-native-cloud-lightning-fill"
                vbHeight={256}
                vbWidth={256}
                width={48}
              >
                <RNSVGGroup
                  fill={
                    {
                      "type": 2,
                    }
                  }
                  propList={
                    [
                      "fill",
                    ]
                  }
                >
                  <RNSVGPath
                    d="M156 168h-23.47l-14.4 24H144a8 8 0 0 1 6.86 12.12l-24 40a8 8 0 0 1-13.72-8.24L129.87 208H104a8 8 0 0 1-6.86-12.12L113.87 168h-37C48.12 168 24.2 145.07 24 116.36A52.09 52.09 0 0 1 61.35 66.1a4 4 0 0 1 5 4.78A92.5 92.5 0 0 0 64 87.39 8.14 8.14 0 0 0 71.41 96h.6a8.18 8.18 0 0 0 8.08-7.72A76 76 0 1 1 156 168"
                    fill={
                      {
                        "payload": 4278190080,
                        "type": 0,
                      }
                    }
                  />
                </RNSVGGroup>
              </RNSVGSvgView>
            </View>
          </View>
          <Text
            style={
              {
                "color": "rgba(255,255,255,0.6)",
                "fontSize": 14,
                "fontWeight": "500",
                "letterSpacing": 3,
                "marginTop": 48,
                "textTransform": "uppercase",
              }
            }
          >
            Breathe In
          </Text>
        </View>
        <View
          style={
            {
              "gap": 24,
              "paddingBottom": 24,
              "paddingHorizontal": 24,
            }
          }
        >
          <View
            style={
              {
                "alignItems": "center",
              }
            }
          >
            <Text
              style={
                {
                  "color": "white",
                  "fontSize": 24,
                  "fontWeight": "bold",
                  "marginBottom": 4,
                }
              }
            >
              Test Practice
            </Text>
            <Text
              style={
                {
                  "color": "#135bec",
                  "fontSize": 14,
                  "fontWeight": "500",
                }
              }
            >
              Breathwork
               • 
              Relaxation
            </Text>
          </View>
          <View
            style={
              {
                "alignItems": "center",
                "flexDirection": "row",
                "gap": 4,
                "height": 48,
                "justifyContent": "center",
              }
            }
          >
            <View
              style={
                {
                  "backgroundColor": "rgba(255,255,255,0.3)",
                  "borderRadius": 2,
                  "height": 12,
                  "width": 4,
                }
              }
            />
            <View
              style={
                {
                  "backgroundColor": "rgba(255,255,255,0.3)",
                  "borderRadius": 2,
                  "height": 20,
                  "width": 4,
                }
              }
            />
            <View
              style={
                {
                  "backgroundColor": "rgba(255,255,255,0.3)",
                  "borderRadius": 2,
                  "height": 32,
                  "width": 4,
                }
              }
            />
            <View
              style={
                {
                  "backgroundColor": "rgba(255,255,255,0.3)",
                  "borderRadius": 2,
                  "height": 16,
                  "width": 4,
                }
              }
            />
            <View
              style={
                {
                  "backgroundColor": "#135bec",
                  "borderRadius": 2,
                  "height": 24,
                  "width": 4,
                }
              }
            />
            <View
              style={
                {
                  "backgroundColor": "#135bec",
                  "borderRadius": 2,
                  "height": 40,
                  "width": 4,
                }
              }
            />
            <View
              style={
                {
                  "backgroundColor": "#135bec",
                  "borderRadius": 2,
                  "height": 28,
                  "width": 4,
                }
              }
            />
            <View
              style={
                {
                  "backgroundColor": "#135bec",
                  "borderRadius": 2,
                  "height": 16,
                  "width": 4,
                }
              }
            />
            <View
              style={
                {
                  "backgroundColor": "rgba(255,255,255,0.3)",
                  "borderRadius": 2,
                  "height": 32,
                  "width": 4,
                }
              }
            />
            <View
              style={
                {
                  "backgroundColor": "rgba(255,255,255,0.3)",
                  "borderRadius": 2,
                  "height": 20,
                  "width": 4,
                }
              }
            />
            <View
              style={
                {
                  "backgroundColor": "rgba(255,255,255,0.3)",
                  "borderRadius": 2,
                  "height": 12,
                  "width": 4,
                }
              }
            />
          </View>
          <View
            style={
              {
                "gap": 8,
              }
            }
          >
            <View
              maximumTrackTintColor="rgba(255,255,255,0.1)"
              maximumValue={100000}
              minimumTrackTintColor="#135bec"
              minimumValue={0}
              onSlidingComplete={[MockFunction]}
              style={
                {
                  "height": 40,
                  "width": "100%",
                }
              }
              testID="slider"
              thumbTintColor="white"
              value={0}
            />
            <View
              style={
                {
                  "flexDirection": "row",
                  "justifyContent": "space-between",
                  "marginTop": -10,
                  "paddingHorizontal": 16,
                }
              }
            >
              <Text
                style={
                  {
                    "color": "rgba(255,255,255,0.4)",
                    "fontFamily": "monospace",
                    "fontSize": 12,
                  }
                }
              >
                00:00
              </Text>
              <Text
                style={
                  {
                    "color": "rgba(255,255,255,0.4)",
                    "fontFamily": "monospace",
                    "fontSize": 12,
                  }
                }
              >
                01:40
              </Text>
            </View>
          </View>
          <View
            style={
              {
                "alignItems": "center",
                "flexDirection": "row",
                "justifyContent": "center",
                "paddingBottom": 20,
                "paddingHorizontal": 16,
              }
            }
          >
            <View
              accessibilityState={
                {
                  "busy": undefined,
                  "checked": undefined,
                  "disabled": undefined,
                  "expanded": undefined,
                  "selected": undefined,
                }
              }
              accessibilityValue={
                {
                  "max": undefined,
                  "min": undefined,
                  "now": undefined,
                  "text": undefined,
                }
              }
              accessible={true}
              collapsable={false}
              focusable={true}
              onBlur={[Function]}
              onClick={[Function]}
              onFocus={[Function]}
              onResponderGrant={[Function]}
              onResponderMove={[Function]}
              onResponderRelease={[Function]}
              onResponderTerminate={[Function]}
              onResponderTerminationRequest={[Function]}
              onStartShouldSetResponder={[Function]}
              style={
                {
                  "alignItems": "center",
                  "backgroundColor": "white",
                  "borderRadius": 40,
                  "height": 80,
                  "justifyContent": "center",
                  "shadowColor": "white",
                  "shadowOffset": {
                    "height": 0,
                    "width": 0,
                  },
                  "shadowOpacity": 0.3,
                  "shadowRadius": 30,
                  "width": 80,
                }
              }
              testID="play-pause-button"
            >
              <RNSVGSvgView
                align="xMidYMid"
                bbHeight={48}
                bbWidth={48}
                className="play-fill__svg-icon-phosphor"
                color="#0b1121"
                fill="currentColor"
                focusable={false}
                height={48}
                meetOrSlice={0}
                minX={0}
                minY={0}
                style={
                  [
                    {
                      "backgroundColor": "transparent",
                      "borderWidth": 0,
                    },
                    [
                      undefined,
                      undefined,
                      {},
                    ],
                    {
                      "flex": 0,
                      "height": 48,
                      "width": 48,
                    },
                  ]
                }
                testID="phosphor-react-native-play-fill"
                vbHeight={256}
                vbWidth={256}
                width={48}
              >
                <RNSVGGroup
                  fill={
                    {
                      "type": 2,
                    }
                  }
                  propList={
                    [
                      "fill",
                    ]
                  }
                >
                  <RNSVGPath
                    d="M240 128a15.74 15.74 0 0 1-7.6 13.51L88.32 229.65a16 16 0 0 1-16.2.3A15.86 15.86 0 0 1 64 216.13V39.87a15.86 15.86 0 0 1 8.12-13.82 16 16 0 0 1 16.2.3l144.08 88.14A15.74 15.74 0 0 1 240 128"
                    fill={
                      {
                        "payload": 4278190080,
                        "type": 0,
                      }
                    }
                  />
                </RNSVGGroup>
              </RNSVGSvgView>
            </View>
          </View>
        </View>
      </View>
    </View>
  </View>
</Modal>
`;
