// Jest Snapshot v1, https://goo.gl/fbAQLP

exports[`TimePickerModal matches snapshot 1`] = `
<Modal
  animationType="slide"
  onRequestClose={[MockFunction]}
  transparent={true}
  visible={true}
>
  <View
    accessibilityState={
      {
        "busy": undefined,
        "checked": undefined,
        "disabled": undefined,
        "expanded": undefined,
        "selected": undefined,
      }
    }
    accessibilityValue={
      {
        "max": undefined,
        "min": undefined,
        "now": undefined,
        "text": undefined,
      }
    }
    accessible={true}
    collapsable={false}
    focusable={true}
    onBlur={[Function]}
    onClick={[Function]}
    onFocus={[Function]}
    onResponderGrant={[Function]}
    onResponderMove={[Function]}
    onResponderRelease={[Function]}
    onResponderTerminate={[Function]}
    onResponderTerminationRequest={[Function]}
    onStartShouldSetResponder={[Function]}
    style={
      {
        "backgroundColor": "rgba(0,0,0,0.5)",
        "flex": 1,
        "justifyContent": "flex-end",
      }
    }
  >
    <View
      onStartShouldSetResponder={[Function]}
      style={
        {
          "backgroundColor": "#192233",
          "borderColor": "#1e293b",
          "borderTopLeftRadius": 24,
          "borderTopRightRadius": 24,
          "borderTopWidth": 1,
          "padding": 24,
        }
      }
    >
      <View
        style={
          {
            "alignItems": "center",
            "flexDirection": "row",
            "justifyContent": "space-between",
            "marginBottom": 16,
          }
        }
      >
        <Text
          style={
            {
              "color": "white",
              "fontSize": 20,
              "fontWeight": "bold",
            }
          }
        >
          Set Reminder Time
        </Text>
        <View
          accessibilityState={
            {
              "busy": undefined,
              "checked": undefined,
              "disabled": undefined,
              "expanded": undefined,
              "selected": undefined,
            }
          }
          accessibilityValue={
            {
              "max": undefined,
              "min": undefined,
              "now": undefined,
              "text": undefined,
            }
          }
          accessible={true}
          collapsable={false}
          focusable={true}
          onBlur={[Function]}
          onClick={[Function]}
          onFocus={[Function]}
          onResponderGrant={[Function]}
          onResponderMove={[Function]}
          onResponderRelease={[Function]}
          onResponderTerminate={[Function]}
          onResponderTerminationRequest={[Function]}
          onStartShouldSetResponder={[Function]}
        >
          <RNSVGSvgView
            align="xMidYMid"
            bbHeight={24}
            bbWidth={24}
            className="x-undefined__svg-icon-phosphor"
            color="#94a3b8"
            fill="currentColor"
            focusable={false}
            height={24}
            meetOrSlice={0}
            minX={0}
            minY={0}
            style={
              [
                {
                  "backgroundColor": "transparent",
                  "borderWidth": 0,
                },
                [
                  undefined,
                  undefined,
                  {},
                ],
                {
                  "flex": 0,
                  "height": 24,
                  "width": 24,
                },
              ]
            }
            testID="phosphor-react-native-x-undefined"
            vbHeight={256}
            vbWidth={256}
            width={24}
          >
            <RNSVGGroup
              fill={
                {
                  "type": 2,
                }
              }
              propList={
                [
                  "fill",
                ]
              }
            >
              <RNSVGPath
                d="M205.66 194.34a8 8 0 0 1-11.32 11.32L128 139.31l-66.34 66.35a8 8 0 0 1-11.32-11.32L116.69 128 50.34 61.66a8 8 0 0 1 11.32-11.32L128 116.69l66.34-66.35a8 8 0 0 1 11.32 11.32L139.31 128Z"
                fill={
                  {
                    "payload": 4278190080,
                    "type": 0,
                  }
                }
              />
            </RNSVGGroup>
          </RNSVGSvgView>
        </View>
      </View>
      <View
        display="spinner"
        mode="time"
        onChange={[MockFunction]}
        style={
          {
            "backgroundColor": "#192233",
          }
        }
        testID="date-time-picker"
        textColor="#ffffff"
        value={2024-01-01T08:00:00.000Z}
      />
      <View
        accessibilityState={
          {
            "busy": undefined,
            "checked": undefined,
            "disabled": undefined,
            "expanded": undefined,
            "selected": undefined,
          }
        }
        accessibilityValue={
          {
            "max": undefined,
            "min": undefined,
            "now": undefined,
            "text": undefined,
          }
        }
        accessible={true}
        collapsable={false}
        focusable={true}
        onBlur={[Function]}
        onClick={[Function]}
        onFocus={[Function]}
        onResponderGrant={[Function]}
        onResponderMove={[Function]}
        onResponderRelease={[Function]}
        onResponderTerminate={[Function]}
        onResponderTerminationRequest={[Function]}
        onStartShouldSetResponder={[Function]}
        style={
          {
            "alignItems": "center",
            "backgroundColor": "#135bec",
            "borderRadius": 16,
            "marginTop": 16,
            "padding": 16,
          }
        }
      >
        <Text
          style={
            {
              "color": "white",
              "fontSize": 16,
              "fontWeight": "bold",
            }
          }
        >
          Done
        </Text>
      </View>
    </View>
  </View>
</Modal>
`;
